// Jest Snapshot v1, https://goo.gl/fbAQLP

exports[`Testing CrimeTweets page renders correctly 1`] = `
<View
  style={
    Object {
      "marginBottom": 15,
      "padding": 20,
    }
  }
>
  <ActivityIndicator
    animating={true}
    color="#999999"
    hidesWhenStopped={true}
    size="small"
  />
</View>
`;
